// Jest Snapshot v1, https://goo.gl/fbAQLP

exports[`RTLPanel renders 1`] = `
<div
  class="sc-jSMfEi hfxUgk"
>
  <span
    class="sc-bczRLJ kxUEBA"
  >
    <label
      class="sc-gsnTZi ecyAuL"
    >
      <input
        aria-controls="rtl-status"
        checked=""
        class="sc-dkzDqf khKIDk"
        data-testid="rtl-toggle-input"
        type="checkbox"
      />
      <a
        class="sc-hKMtZM kLroqp"
      >
        Enable right-to-left
      </a>
    </label>
    <span
      aria-live="polite"
      class="sc-eCYdqJ gVppkG"
      id="rtl-status"
      role="region"
    >
      Right-to-left
    </span>
  </span>
</div>
`;
